../Core/Src/main.c:64:6:ADC_Init	32	static
../Core/Src/main.c:85:10:Read_ADC	24	static
../Core/Src/main.c:98:6:UART_Init	40	static
../Core/Src/main.c:124:6:UART_Send_byte	24	static
../Core/Src/main.c:137:6:UART_Send_Arr	24	static
../Core/Src/main.c:166:5:main	8	static
../Core/Src/main.c:251:6:SystemClock_Config	88	static
../Core/Src/main.c:293:13:MX_GPIO_Init	16	static
../Core/Src/main.c:312:6:send_data_task	56	static
../Core/Src/main.c:337:6:read_ss_temp_task	32	static
../Core/Src/main.c:361:6:Error_Handler	4	static,ignoring_inline_asm
